test_both_polarities_only_admit_aperture_exhaustively_through_six_cells (test_formal_mirrors.FormalInspiredRuntimeTests.test_both_polarities_only_admit_aperture_exhaustively_through_six_cells) ... ok
test_held_prefix_does_not_overwrite_existing_latches (test_formal_mirrors.FormalInspiredRuntimeTests.test_held_prefix_does_not_overwrite_existing_latches) ... ok
test_hold_stops_analysis_without_manufacturing_new_value (test_formal_mirrors.FormalInspiredRuntimeTests.test_hold_stops_analysis_without_manufacturing_new_value) ... ok
test_later_hold_retains_earlier_artifacts_in_order (test_formal_mirrors.FormalInspiredRuntimeTests.test_later_hold_retains_earlier_artifacts_in_order) ... ok
test_executed_three_operations (test_foundations.CdcTests.test_executed_three_operations) ... ok
test_hold_does_not_rollback_earlier_or_skip_later (test_foundations.CdcTests.test_hold_does_not_rollback_earlier_or_skip_later) ... ok
test_native_first_registry_last (test_foundations.CdcTests.test_native_first_registry_last) ... ok
test_nest_actual_jacobian (test_foundations.CdcTests.test_nest_actual_jacobian) ... ok
test_non_semigroup (test_foundations.CdcTests.test_non_semigroup) ... ok
test_post_step_fault_retains_progress (test_foundations.CdcTests.test_post_step_fault_retains_progress) ... ok
test_prefix_order_and_aperture (test_foundations.CdcTests.test_prefix_order_and_aperture) ... ok
test_recurrence_cannot_be_forged_or_rebound (test_foundations.CdcTests.test_recurrence_cannot_be_forged_or_rebound) ... ok
test_tangent_multiplication_order (test_foundations.CdcTests.test_tangent_multiplication_order) ... ok
test_canonical_order_and_exact_bits (test_foundations.IdentityTests.test_canonical_order_and_exact_bits) ... ok
test_dependency_cycles_and_direction (test_foundations.IdentityTests.test_dependency_cycles_and_direction) ... ok
test_duplicate_keys_rejected (test_foundations.IdentityTests.test_duplicate_keys_rejected) ... ok
test_journal_torn_tail_and_corruption (test_foundations.IdentityTests.test_journal_torn_tail_and_corruption) ... ok
test_receipt_binding_and_mutation (test_foundations.IdentityTests.test_receipt_binding_and_mutation) ... ok
test_bad_induction_step_rejected (test_foundations.ProofTests.test_bad_induction_step_rejected) ... ok
test_capture_avoidance (test_foundations.ProofTests.test_capture_avoidance) ... ok
test_induction_checked_independently (test_foundations.ProofTests.test_induction_checked_independently) ... ok
test_no_type_in_type_or_partial_conversion (test_foundations.ProofTests.test_no_type_in_type_or_partial_conversion) ... ok
test_borrow_suspends_owner_and_cannot_escape (test_foundations.ResourceTests.test_borrow_suspends_owner_and_cannot_escape) ... ok
test_composite_order_is_semantic (test_foundations.ResourceTests.test_composite_order_is_semantic) ... ok
test_forged_handle_rejected (test_foundations.ResourceTests.test_forged_handle_rejected) ... ok
test_independence (test_foundations.ResourceTests.test_independence) ... ok
test_lease_scope_replay_and_expiry (test_foundations.ResourceTests.test_lease_scope_replay_and_expiry) ... ok
test_advanced_originals_preserve_uncertainty (test_frontend.CheckerTests.test_advanced_originals_preserve_uncertainty) ... ok
test_arity_and_callback_errors (test_frontend.CheckerTests.test_arity_and_callback_errors) ... ok
test_block_effects_cannot_be_erased (test_frontend.CheckerTests.test_block_effects_cannot_be_erased) ... ok
test_core_originals_checked_with_no_type_holes (test_frontend.CheckerTests.test_core_originals_checked_with_no_type_holes) ... ok
test_literal_and_return_type_errors (test_frontend.CheckerTests.test_literal_and_return_type_errors) ... ok
test_mutual_recursion_cannot_claim_totality (test_frontend.CheckerTests.test_mutual_recursion_cannot_claim_totality) ... ok
test_owned_borrow_cannot_escape (test_frontend.CheckerTests.test_owned_borrow_cannot_escape) ... ok
test_parameter_kind_checks (test_frontend.CheckerTests.test_parameter_kind_checks) ... ok
test_quantum_alias_and_capture_are_rejected (test_frontend.CheckerTests.test_quantum_alias_and_capture_are_rejected) ... ok
test_quantum_duplicate_discard_and_wrong_index (test_frontend.CheckerTests.test_quantum_duplicate_discard_and_wrong_index) ... ok
test_shadowing_is_lexical (test_frontend.CheckerTests.test_shadowing_is_lexical) ... ok
test_structural_record_and_list_types (test_frontend.CheckerTests.test_structural_record_and_list_types) ... ok
test_unchecked_dependency_does_not_gain_trust (test_frontend.CheckerTests.test_unchecked_dependency_does_not_gain_trust) ... ok
test_undefined_names_and_operators (test_frontend.CheckerTests.test_undefined_names_and_operators) ... ok
test_all_originals_idempotent_semantics_and_comments (test_frontend.FormatterTests.test_all_originals_idempotent_semantics_and_comments) ... ok
test_comments_do_not_change_meaning (test_frontend.FormatterTests.test_comments_do_not_change_meaning) ... ok
test_actual_graph_execution_classical_examples (test_frontend.GraphTests.test_actual_graph_execution_classical_examples) ... ok
test_all_originals_deterministic_six_tag_lowering (test_frontend.GraphTests.test_all_originals_deterministic_six_tag_lowering) ... ok
test_all_originals_reconstruct_from_graph_without_source_payload (test_frontend.GraphTests.test_all_originals_reconstruct_from_graph_without_source_payload) ... ok
test_alpha_renaming_preserves_structure_and_binding_shadowing (test_frontend.GraphTests.test_alpha_renaming_preserves_structure_and_binding_shadowing) ... ok
test_cdc_profile_binds_actual_numeric_contract (test_frontend.GraphTests.test_cdc_profile_binds_actual_numeric_contract) ... ok
test_derived_rule_change_invalidates_identity (test_frontend.GraphTests.test_derived_rule_change_invalidates_identity) ... ok
test_graph_cannot_inject_nonfinite_source_literal (test_frontend.GraphTests.test_graph_cannot_inject_nonfinite_source_literal) ... ok
test_graph_rejects_dangling_binder (test_frontend.GraphTests.test_graph_rejects_dangling_binder) ... ok
test_kernel_nodes_are_immutable_snapshots (test_frontend.GraphTests.test_kernel_nodes_are_immutable_snapshots) ... ok
test_probability_search_mix_requires_admitted_order (test_frontend.GraphTests.test_probability_search_mix_requires_admitted_order) ... ok
test_tampered_graph_or_dependencies_are_rejected (test_frontend.GraphTests.test_tampered_graph_or_dependencies_are_rejected) ... ok
test_type_resource_and_operator_name_not_conflated (test_frontend.GraphTests.test_type_resource_and_operator_name_not_conflated) ... ok
test_all_preserved_examples_share_one_parser (test_frontend.ScannerParserTests.test_all_preserved_examples_share_one_parser) ... ok
test_contextual_header_u_can_be_a_parameter (test_frontend.ScannerParserTests.test_contextual_header_u_can_be_a_parameter) ... ok
test_lexical_errors (test_frontend.ScannerParserTests.test_lexical_errors) ... ok
test_lossless_unicode_comments_strings_and_spans (test_frontend.ScannerParserTests.test_lossless_unicode_comments_strings_and_spans) ... ok
test_malformed_programs_fail_with_spans (test_frontend.ScannerParserTests.test_malformed_programs_fail_with_spans) ... ok
test_negative_numbers_unit_singletons_and_records (test_frontend.ScannerParserTests.test_negative_numbers_unit_singletons_and_records) ... ok
test_parser_bounds_nested_and_postfix_structures (test_frontend.ScannerParserTests.test_parser_bounds_nested_and_postfix_structures) ... ok
test_seeded_malformed_fuzz_is_bounded (test_frontend.ScannerParserTests.test_seeded_malformed_fuzz_is_bounded) ... ok
test_version_and_duplicate_import_are_rejected (test_frontend.ScannerParserTests.test_version_and_duplicate_import_are_rejected) ... ok
test_actual_http_task_with_loopback_capability (test_integration.IntegrationTests.test_actual_http_task_with_loopback_capability) ... ok
test_cli_arbitrary_precision_and_proof (test_integration.IntegrationTests.test_cli_arbitrary_precision_and_proof) ... ok
test_local_package_lock_install_tamper_and_no_scripts (test_integration.IntegrationTests.test_local_package_lock_install_tamper_and_no_scripts) ... ok
test_lsp_real_framing_and_diagnostics (test_integration.IntegrationTests.test_lsp_real_framing_and_diagnostics) ... ok
test_native_wasm_and_reference_parity_with_bounds (test_integration.IntegrationTests.test_native_wasm_and_reference_parity_with_bounds) ... ok
test_receipt_roundtrip_and_changed_graph_export (test_integration.IntegrationTests.test_receipt_roundtrip_and_changed_graph_export) ... ok
test_compiled_fragment_cannot_bypass_import_admission (test_review_regressions.FinalAuthorityRegressions.test_compiled_fragment_cannot_bypass_import_admission) ... ok
test_dependent_shadow_cannot_prove_zero_equals_one (test_review_regressions.FinalAuthorityRegressions.test_dependent_shadow_cannot_prove_zero_equals_one) ... ok
test_invalid_access_shapes_never_earn_independence (test_review_regressions.FinalAuthorityRegressions.test_invalid_access_shapes_never_earn_independence) ... ok
test_marker_shaped_records_do_not_collide_with_typed_values (test_review_regressions.FinalAuthorityRegressions.test_marker_shaped_records_do_not_collide_with_typed_values) ... ok
test_meaning_cannot_depend_transitively_on_execution_evidence (test_review_regressions.FinalAuthorityRegressions.test_meaning_cannot_depend_transitively_on_execution_evidence) ... ok
test_nonfinite_json_cannot_hide_in_exponent_notation (test_review_regressions.FinalAuthorityRegressions.test_nonfinite_json_cannot_hide_in_exponent_notation) ... ok
test_nonfinite_source_expectation_faults_after_the_step (test_review_regressions.FinalAuthorityRegressions.test_nonfinite_source_expectation_faults_after_the_step) ... ok
test_nonfinite_time_neither_issues_nor_admits_a_lease (test_review_regressions.FinalAuthorityRegressions.test_nonfinite_time_neither_issues_nor_admits_a_lease) ... ok
test_probability_order_must_be_valid_and_match_import (test_review_regressions.FinalAuthorityRegressions.test_probability_order_must_be_valid_and_match_import) ... ok
test_recurrence_retains_its_quantitative_qualification (test_review_regressions.FinalAuthorityRegressions.test_recurrence_retains_its_quantitative_qualification) ... ok
test_arbitrary_precision_and_nat_structure (test_runtime.CoreRuntimeTests.test_arbitrary_precision_and_nat_structure) ... ok
test_borrow_escape_nested_borrow_and_await_rejected (test_runtime.CoreRuntimeTests.test_borrow_escape_nested_borrow_and_await_rejected) ... ok
test_console_capability_cannot_be_forged (test_runtime.CoreRuntimeTests.test_console_capability_cannot_be_forged) ... ok
test_free_consumes_handle (test_runtime.CoreRuntimeTests.test_free_consumes_handle) ... ok
test_hygienic_binding_evaluates_effectful_argument_once (test_runtime.CoreRuntimeTests.test_hygienic_binding_evaluates_effectful_argument_once) ... ok
test_lexical_closures_and_shadowing (test_runtime.CoreRuntimeTests.test_lexical_closures_and_shadowing) ... ok
test_map_filter_reduce (test_runtime.CoreRuntimeTests.test_map_filter_reduce) ... ok
test_mutable_borrow_restores_owner_and_expires_view (test_runtime.CoreRuntimeTests.test_mutable_borrow_restores_owner_and_expires_view) ... ok
test_non_tail_partial_context_is_refused_not_silently_dropped (test_runtime.CoreRuntimeTests.test_non_tail_partial_context_is_refused_not_silently_dropped) ... ok
test_partial_nontermination_reports_budget_not_halt (test_runtime.CoreRuntimeTests.test_partial_nontermination_reports_budget_not_halt) ... ok
test_splice_cannot_escape_stage (test_runtime.CoreRuntimeTests.test_splice_cannot_escape_stage) ... ok
test_turing_construction_moves_and_terminates (test_runtime.CoreRuntimeTests.test_turing_construction_moves_and_terminates) ... ok
test_ungranted_console_is_denied (test_runtime.CoreRuntimeTests.test_ungranted_console_is_denied) ... ok
test_unguarded_function_recursion_cannot_hide_partiality (test_runtime.CoreRuntimeTests.test_unguarded_function_recursion_cannot_hide_partiality) ... ok
test_unknown_operator_is_explicit (test_runtime.CoreRuntimeTests.test_unknown_operator_is_explicit) ... ok
test_acausal_rc_solver_satisfies_equations_and_converges (test_runtime.NumericTests.test_acausal_rc_solver_satisfies_equations_and_converges) ... ok
test_array_argument_retains_declared_shape (test_runtime.NumericTests.test_array_argument_retains_declared_shape) ... ok
test_complex_unitary_and_kraus_completeness (test_runtime.NumericTests.test_complex_unitary_and_kraus_completeness) ... ok
test_dae_requires_explicit_admitted_method (test_runtime.NumericTests.test_dae_requires_explicit_admitted_method) ... ok
test_hmc_is_reproducible_and_data_influences_posterior (test_runtime.NumericTests.test_hmc_is_reproducible_and_data_influences_posterior) ... ok
test_measure_construction_does_not_draw (test_runtime.NumericTests.test_measure_construction_does_not_draw) ... ok
test_quantum_handle_consumption_and_interference (test_runtime.NumericTests.test_quantum_handle_consumption_and_interference) ... ok
test_quantum_program_requires_explicit_realization (test_runtime.NumericTests.test_quantum_program_requires_explicit_realization) ... ok
test_rectangular_matrix_contraction (test_runtime.NumericTests.test_rectangular_matrix_contraction) ... ok
test_strict_reduction_order_and_shape_failure (test_runtime.NumericTests.test_strict_reduction_order_and_shape_failure) ... ok
test_zero_mass_is_held_and_densities_may_exceed_one (test_runtime.NumericTests.test_zero_mass_is_held_and_densities_may_exceed_one) ... ok
test_actor_supervision_and_restart_intensity (test_runtime.ProcessTests.test_actor_supervision_and_restart_intensity) ... ok
test_cancelled_gpu_task_restores_reserved_owner (test_runtime.ProcessTests.test_cancelled_gpu_task_restores_reserved_owner) ... ok
test_gpu_dependent_length_is_checked (test_runtime.ProcessTests.test_gpu_dependent_length_is_checked) ... ok
test_gpu_partition_masks_padding_and_consumes_owner (test_runtime.ProcessTests.test_gpu_partition_masks_padding_and_consumes_owner) ... ok
test_hardware_registers_publish_simultaneously (test_runtime.ProcessTests.test_hardware_registers_publish_simultaneously) ... ok
test_hardware_reset_and_wrapping (test_runtime.ProcessTests.test_hardware_reset_and_wrapping) ... ok
test_http_requires_authority_without_network_call (test_runtime.ProcessTests.test_http_requires_authority_without_network_call) ... ok
test_task_can_run_before_observation (test_runtime.ProcessTests.test_task_can_run_before_observation) ... ok
test_task_completion_failure_and_cancellation (test_runtime.ProcessTests.test_task_completion_failure_and_cancellation) ... ok
test_temporal_closed_state_certificate_is_checked (test_runtime.ProcessTests.test_temporal_closed_state_certificate_is_checked) ... ok
test_temporal_fairness_changes_liveness_verdict (test_runtime.ProcessTests.test_temporal_fairness_changes_liveness_verdict) ... ok
test_occurs_check_and_typed_unification (test_runtime.RelationalTests.test_occurs_check_and_typed_unification) ... ok
test_original_logic_query (test_runtime.RelationalTests.test_original_logic_query) ... ok
test_sql_bags_multiply_multiplicity_and_null_does_not_join (test_runtime.RelationalTests.test_sql_bags_multiply_multiplicity_and_null_does_not_join) ... ok
test_sql_three_valued_conjunction (test_runtime.RelationalTests.test_sql_three_valued_conjunction) ... ok

----------------------------------------------------------------------
Ran 121 tests in 1.540s

OK
